[INFO] Scanning for projects...
[INFO] 
[INFO] ------------------------< com.foundit:foundit >-------------------------
[INFO] Building foundit 0.0.1-SNAPSHOT
[INFO]   from pom.xml
[INFO] --------------------------------[ jar ]---------------------------------
[INFO] 
[INFO] --- clean:3.3.2:clean (default-clean) @ foundit ---
[INFO] Deleting D:\titi\target
[INFO] 
[INFO] --- resources:3.3.1:resources (default-resources) @ foundit ---
[INFO] Copying 1 resource from src\main\resources to target\classes
[INFO] Copying 0 resource from src\main\resources to target\classes
[INFO] 
[INFO] --- compiler:3.11.0:compile (default-compile) @ foundit ---
[INFO] Changes detected - recompiling the module! :source
[INFO] Compiling 46 source files with javac [debug release 21] to target\classes
[INFO] -------------------------------------------------------------
[ERROR] COMPILATION ERROR : 
[INFO] -------------------------------------------------------------
[ERROR] /D:/titi/src/main/java/com/foundit/dto/MatchDTO.java:[97,20] cannot find symbol
  symbol: variable status
[ERROR] /D:/titi/src/main/java/com/foundit/dto/MatchDTO.java:[101,13] cannot find symbol
  symbol: variable status
[INFO] 2 errors 
[INFO] -------------------------------------------------------------
[INFO] ------------------------------------------------------------------------
[INFO] BUILD FAILURE
[INFO] ------------------------------------------------------------------------
[INFO] Total time:  2.291 s
[INFO] Finished at: 2026-03-13T17:33:49+02:00
[INFO] ------------------------------------------------------------------------
[ERROR] Failed to execute goal org.apache.maven.plugins:maven-compiler-plugin:3.11.0:compile (default-compile) on project foundit: Compilation failure: Compilation failure: 
[ERROR] /D:/titi/src/main/java/com/foundit/dto/MatchDTO.java:[97,20] cannot find symbol
[ERROR]   symbol: variable status
[ERROR] /D:/titi/src/main/java/com/foundit/dto/MatchDTO.java:[101,13] cannot find symbol
[ERROR]   symbol: variable status
[ERROR] -> [Help 1]
[ERROR] 
[ERROR] To see the full stack trace of the errors, re-run Maven with the -e switch.
[ERROR] Re-run Maven using the -X switch to enable full debug logging.
[ERROR] 
[ERROR] For more information about the errors and possible solutions, please read the following articles:
[ERROR] [Help 1] http://cwiki.apache.org/confluence/display/MAVEN/MojoFailureException
